case__294: 
reg__415: 
reg__510: 
logic__1742: 
reg__118: 
muxpart__110: 
logic__1185: 
logic__1980: 
logic__1115: 
logic__2211: 
reg__356: 
muxpart__119: 
reg__261: 
muxpart__40: 
logic__246: 
logic__115: 
reg__54: 
datapath__71: 
reg__520: 
counter__9: 
case__331: 
logic__665: 
logic__2996: 
case__322: 
logic__666: 
case__362: 
logic__1212: 
reg__243: 
logic__1119: 
reg__599: 
case__401: 
logic__471: 
case__270: 
logic__192: 
case__110: 
reg__513: 
logic__1130: 
case__41: 
logic__1039: 
logic__1291: 
reg__691: 
case__199: 
reg__742: 
case__291: 
muxpart__13: 
logic__1514: 
logic__238: 
extram__2: 
logic__1026: 
logic__1014: 
case__458: 
logic__626: 
case__30: 
logic__1899: 
reg__257: 
reg__404: 
datapath__54: 
logic__1652: 
keep__73: 
logic__1790: 
reg__587: 
logic__1998: 
logic__1685: 
logic__965: 
logic__3015: 
keep__32: 
reg__140: 
muxpart__36: 
case__24: 
logic__177: 
case__136: 
muxpart__129: 
odd: 
logic__2679: 
logic__360: 
case__173: 
reg__34: 
reg__626: 
logic__1763: 
muxpart__63: 
case__147: 
logic__2172: 
case__27: 
reg__529: 
logic__2133: 
reg__358: 
case__620: 
logic__580: 
logic__1299: 
case__267: 
case__34: 
reg__410: 
logic__724: 
logic__814: 
reg__608: 
logic__1875: 
logic__1496: 
muxpart__1: 
datapath__39: 
reg__105: 
logic__2993: 
logic__841: 
reg__234: 
logic__97: 
logic__2998: 
logic__1284: 
logic__923: 
logic__1619: 
logic__347: 
logic__2922: 
reg__78: 
logic__2543: 
reg__533: 
logic__1493: 
reg__172: 
reg__538: 
housekeeping: 
logic__1971: 
reg__669: 
reg__326: 
case__142: 
logic__1169: 
logic__354: 
reg__274: 
muxpart__6: 
reg__393: 
reg__583: 
reg__35: 
logic__281: 
reg__284: 
logic__315: 
reg__703: 
case__224: 
case__359: 
case__326: 
reg__735: 
logic__1505: 
logic__2342: 
logic__1160: 
logic__1242: 
logic__225: 
reg__537: 
reg__462: 
keep__59: 
muxpart__198: 
case__581: 
reg__618: 
muxpart__125: 
logic__112: 
logic__2769: 
case__77: 
logic__1309: 
reg__675: 
datapath__20: 
reg__598: 
datapath__60: 
datapath__65: 
logic__422: 
reg__139: 
datapath__56: 
logic__733: 
case__48: 
logic__2181: 
logic__2264: 
reg__617: 
case__177: 
logic__1511: 
logic__1736: 
case__172: 
case__21: 
logic__1526: 
case__146: 
keep__9: 
reg__694: 
case__343: 
logic__1272: 
reg__563: 
case__441: 
reg__233: 
case__585: 
case__245: 
reg__518: 
case__307: 
case__460: 
logic__1953: 
logic__1950: 
case__53: 
logic__1884: 
reg__412: 
keep__57: 
case__279: 
case__204: 
case__299: 
logic__1345: 
logic__200: 
reg__205: 
case__250: 
logic__1938: 
logic__2315: 
keep__47: 
logic__1189: 
case__606: 
reg__600: 
datapath__43: 
logic__588: 
case__609: 
logic__1204: 
logic__3017: 
reg__197: 
case__167: 
logic__787: 
reg__115: 
datapath__38: 
logic__2429: 
case__372: 
logic__40: 
logic__141: 
reg__528: 
case__370: 
reg__215: 
reg__441: 
case__440: 
logic__2235: 
logic__2347: 
reg__557: 
reg__726: 
logic__1127: 
user_id_programming: 
case__438: 
logic__1051: 
logic__2052: 
case__212: 
logic__2279: 
case__607: 
reg__281: 
datapath__31: 
case__398: 
logic__1188: 
keep__64: 
reg__138: 
logic__202: 
reg__527: 
logic__1476: 
logic__309: 
logic__7: 
logic__3013: 
reg__448: 
reg__111: 
logic__1283: 
case__361: 
reg__575: 
reg__101: 
logic__2022: 
logic__147: 
logic__1335: 
logic__1241: 
logic__425: 
logic__1682: 
reg__673: 
reg__700: 
caravel: 
case__94: 
datapath__35: 
case__390: 
reg__649: 
logic__1210: 
reg__301: 
logic__815: 
logic__58: 
case__613: 
reg__278: 
muxpart__35: 
logic__1215: 
logic__1282: 
logic__1195: 
logic__1352: 
reg__396: 
reg__167: 
case__296: 
case__97: 
logic__2578: 
case__280: 
case__348: 
reg__539: 
logic__1193: 
logic__1420: 
muxpart__128: 
logic__2410: 
logic__1245: 
reg__99: 
logic__579: 
case__169: 
muxpart__116: 
reg__225: 
logic__1213: 
case__16: 
logic__2794: 
case__298: 
muxpart__118: 
logic__836: 
keep__58: 
datapath__64: 
logic__1191: 
logic__1574: 
muxpart__4: 
reg__177: 
muxpart__24: 
case__99: 
logic__530: 
logic__2560: 
case__324: 
logic__420: 
logic__1784: 
keep__76: 
case__303: 
reg__168: 
logic__2311: 
case__3: 
logic__885: 
reg__365: 
reg__654: 
reg__747: 
datapath__77: 
mprj_io_buffer: 
reg__638: 
logic__2909: 
reg__297: 
reg__36: 
reg__181: 
counter__12: 
reg__339: 
logic__2163: 
counter__4: 
reg__352: 
logic__3016: 
logic__1944: 
logic__1231: 
reg__567: 
keep__5: 
muxpart__117: 
logic__1073: 
keep__65: 
logic__1866: 
keep__49: 
logic__2621: 
logic__3005: 
case__382: 
logic__898: 
logic__2404: 
reg__360: 
reg__240: 
logic__1270: 
logic__2346: 
reg__258: 
reg__112: 
reg__445: 
case__546: 
reg__153: 
logic__229: 
logic__1128: 
logic__1724: 
logic__1841: 
logic__1224: 
reg__311: 
logic__2260: 
logic__1131: 
case__612: 
logic__2992: 
logic__695: 
muxpart__146: 
logic__2037: 
reg__349: 
case__108: 
reg__16: 
logic__2344: 
case__341: 
datapath__48: 
logic__37: 
reg__125: 
logic__85: 
logic__1823: 
reg__456: 
reg__108: 
reg__681: 
case__36: 
reg__433: 
reg__333: 
logic__1074: 
reg__287: 
logic__2082: 
reg__655: 
keep__78: 
logic__2442: 
logic__331: 
case__321: 
logic__1890: 
logic__500: 
reg__381: 
keep__39: 
logic__2136: 
reg__178: 
logic__481: 
logic__1228: 
muxpart__148: 
muxpart__44: 
keep__50: 
reg__585: 
logic__1838: 
even: 
logic__410: 
logic__277: 
reg__314: 
logic__849: 
case__82: 
reg__603: 
logic__2582: 
reg__362: 
reg__2: 
keep__90: 
case__171: 
logic__456: 
housekeeping_spi: 
reg__413: 
reg__5: 
muxpart__123: 
logic__1989: 
logic__2310: 
case__537: 
logic__1715: 
logic__893: 
RAM128: 
logic__2166: 
reg__431: 
keep__74: 
reg__32: 
logic__1136: 
muxpart__115: 
logic__1709: 
mgmt_core: 
datapath__68: 
case__56: 
reg__662: 
reg__619: 
muxpart__149: 
logic__1484: 
reg__609: 
logic__162: 
logic__1179: 
logic__198: 
muxpart__140: 
case__452: 
reg__252: 
logic__88: 
logic__1083: 
case__363: 
muxpart__57: 
logic__2572: 
case__538: 
reg__480: 
reg__47: 
logic__1080: 
logic__1706: 
muxpart__101: 
logic__1260: 
case__584: 
reg__466: 
logic__692: 
case__134: 
logic__2016: 
logic__2073: 
case__39: 
logic__1244: 
case__365: 
keep__2: 
logic__219: 
reg__482: 
case__544: 
logic__845: 
logic__1238: 
reg__145: 
reg__645: 
logic__403: 
case__577: 
logic__1974: 
logic__1007: 
case__615: 
reg__286: 
case__284: 
reg__342: 
case__432: 
logic__2639: 
logic__1634: 
case__176: 
logic__1577: 
case__393: 
logic__212: 
datapath__72: 
reg__324: 
logic__595: 
case__618: 
logic__292: 
reg__322: 
reg__614: 
datapath__67: 
logic__2416: 
logic__1869: 
logic__2327: 
logic__2430: 
logic__1796: 
logic__704: 
logic__1404: 
logic__79: 
logic__1926: 
keep__46: 
logic__613: 
reg__495: 
logic__135: 
logic__838: 
logic__1730: 
reg__132: 
reg__165: 
logic__1132: 
reg__489: 
case__203: 
case__463: 
reg__521: 
datapath__41: 
logic__1850: 
reg__66: 
logic__379: 
reg__478: 
case__28: 
logic__2010: 
reg__366: 
case__287: 
logic__2337: 
keep__10: 
case__264: 
reg__684: 
case__604: 
reg__391: 
logic__1257: 
case__166: 
datapath__66: 
reg__104: 
logic__2273: 
datapath__2: 
reg__282: 
keep__12: 
reg__53: 
reg__185: 
case__443: 
logic__728: 
reg__496: 
reg__640: 
logic__1718: 
logic__1616: 
keep__42: 
logic__1425: 
reg__720: 
case__247: 
case__219: 
logic__307: 
reg__338: 
logic__383: 
reg__10: 
logic__3000: 
reg__370: 
reg__359: 
reg__220: 
logic__926: 
logic__2334: 
VexRiscv: 
logic__2599: 
logic__1628: 
logic__2055: 
case__360: 
reg__128: 
logic__103: 
reg__499: 
reg__58: 
reg__265: 
case__547: 
logic__243: 
logic__1829: 
logic__2704: 
muxpart__11: 
logic__2184: 
keep__77: 
reg__426: 
case__278: 
case__433: 
datapath__74: 
datapath__55: 
logic__636: 
logic__183: 
logic__942: 
case__79: 
logic__371: 
reg__50: 
logic__2268: 
logic__2148: 
case__336: 
logic__2371: 
logic__1209: 
case__476: 
logic__426: 
logic__1262: 
case__157: 
reg__154: 
InstructionCache: 
logic__1959: 
reg__705: 
case__399: 
case__519: 
logic__1254: 
reg__512: 
logic__1225: 
logic__2654: 
logic__1733: 
logic__1162: 
logic__821: 
reg__302: 
logic__155: 
logic__394: 
reg__279: 
case__285: 
reg__712: 
reg__368: 
case__373: 
reg__678: 
user_project_wrapper: 
logic__241: 
logic__990: 
logic__258: 
logic__1183: 
datapath__59: 
logic__181: 
logic__1172: 
reg__627: 
logic__2335: 
muxpart__195: 
logic__1775: 
datapath__46: 
case__617: 
logic__2546: 
reg__588: 
logic__61: 
case__555: 
reg__578: 
logic__648: 
logic__2749: 
logic__1150: 
logic__173: 
muxpart__135: 
reg__740: 
case__567: 
reg__291: 
case__98: 
case__556: 
logic__2995: 
logic__1935: 
reg__576: 
case__301: 
logic__1667: 
reg__522: 
logic__1216: 
logic__2332: 
logic__16: 
logic__474: 
logic__2669: 
case__572: 
logic__352: 
reg__501: 
logic__848: 
reg__731: 
reg__491: 
logic__1586: 
case__23: 
muxpart__104: 
reg__531: 
case__378: 
logic__1182: 
logic__985: 
logic__2699: 
logic__1004: 
case__31: 
reg: 
logic__1243: 
logic__2370: 
logic__1336: 
keep__91: 
reg__550: 
case__601: 
case__371: 
muxpart__121: 
reg__709: 
case__323: 
reg__689: 
case__345: 
logic__296: 
keep__44: 
extram__5: 
reg__672: 
logic__653: 
keep__55: 
case__305: 
reg__635: 
datapath__16: 
case__333: 
datapath__69: 
case__14: 
logic__888: 
reg__442: 
logic__578: 
reg__212: 
reg__470: 
reg__295: 
datapath__17: 
reg__150: 
reg__262: 
logic__46: 
logic__1125: 
logic__2034: 
reg__657: 
logic__1430: 
logic__1917: 
logic__650: 
case__17: 
reg__560: 
logic__450: 
logic__1778: 
logic__218: 
logic__1766: 
muxpart__126: 
datapath__75: 
logic__2402: 
case__328: 
case__165: 
reg__337: 
case__73: 
logic__1065: 
keep__43: 
logic__494: 
logic__176: 
case__274: 
reg__216: 
logic__1799: 
muxpart__39: 
case__9: 
logic__853: 
logic__299: 
logic__265: 
case__76: 
logic__2097: 
logic__709: 
reg__593: 
muxpart__99: 
logic__2618: 
case__29: 
reg__729: 
logic__2217: 
logic__2187: 
logic__2112: 
reg__304: 
reg__227: 
reg__126: 
reg__523: 
logic__2454: 
logic__2626: 
reg__636: 
logic__899: 
logic__1568: 
case__164: 
logic__364: 
reg__647: 
logic__2426: 
logic__22: 
case__541: 
logic__513: 
logic__1129: 
reg__721: 
reg__625: 
reg__40: 
logic__565: 
logic__1523: 
reg__387: 
reg__327: 
case__552: 
logic__2649: 
case__168: 
muxpart__5: 
logic__3011: 
logic__1308: 
logic__1769: 
logic__1085: 
logic__1285: 
logic__3002: 
reg__107: 
logic__1625: 
muxpart__109: 
reg__621: 
reg__354: 
reg__624: 
reg__95: 
logic__146: 
logic__1947: 
case__90: 
logic__3009: 
case__18: 
case__196: 
case__125: 
case__93: 
logic__865: 
reg__136: 
reg__706: 
case__103: 
extram__6: 
case__478: 
extram__3: 
logic__28: 
datapath__76: 
logic__67: 
case__605: 
datapath__51: 
case__553: 
logic__746: 
logic__2999: 
reg__270: 
logic__2719: 
logic__2585: 
reg__468: 
case__259: 
case__472: 
case__251: 
case__394: 
case__598: 
reg__367: 
reg__166: 
muxpart__22: 
reg__271: 
reg__77: 
reg__355: 
logic__2175: 
reg__693: 
logic__1544: 
logic__2304: 
logic__2548: 
reg__236: 
logic__1532: 
logic__1342: 
logic__2544: 
case__71: 
logic__1170: 
case__1: 
case__130: 
reg__317: 
logic__34: 
reg__453: 
logic__1712: 
reg__122: 
reg__70: 
case__2: 
reg__383: 
reg__646: 
logic__1077: 
logic__2157: 
reg__692: 
case__38: 
case__277: 
reg__307: 
case__580: 
reg__344: 
logic__1079: 
logic__1016: 
reg__607: 
logic__169: 
reg__110: 
reg__745: 
logic__1664: 
logic__2343: 
keep__37: 
reg__377: 
logic__263: 
case__209: 
reg__612: 
reg__741: 
logic__658: 
logic__2862: 
logic__2025: 
case__402: 
reg__473: 
logic__907: 
case__595: 
logic__1968: 
logic__1126: 
reg__59: 
case__50: 
reg__93: 
logic__94: 
logic__64: 
reg__532: 
logic__2610: 
logic__2031: 
datapath__5: 
logic__82: 
logic__2259: 
case__293: 
case__201: 
logic__165: 
reg__214: 
logic__478: 
logic__657: 
logic__2867: 
logic__1580: 
reg__596: 
logic__1802: 
logic__2789: 
logic__1643: 
case__55: 
logic__2437: 
case__135: 
logic__2319: 
logic__2814: 
muxpart__21: 
case__155: 
logic__2076: 
logic__2774: 
logic__10: 
logic__2238: 
reg__392: 
keep__63: 
datapath__1: 
counter__10: 
reg__685: 
reg__57: 
reg__536: 
reg__737: 
muxpart__102: 
logic__1817: 
logic__2154: 
logic__1562: 
logic__2160: 
logic__713: 
keep__45: 
reg__701: 
logic__2091: 
case__80: 
logic__91: 
reg__195: 
reg__719: 
logic__1598: 
logic__2379: 
logic__1255: 
case__37: 
logic__2458: 
logic__1480: 
muxpart__131: 
logic__1440: 
logic__2547: 
case__290: 
logic__2297: 
logic__1068: 
reg__41: 
reg__517: 
reg__84: 
logic__1487: 
logic__293: 
logic__273: 
reg__590: 
logic__2232: 
logic__1923: 
case__156: 
reg__116: 
reg__629: 
logic__161: 
case__275: 
logic__297: 
reg__656: 
reg__6: 
case__352: 
reg__388: 
logic__230: 
logic__874: 
reg__592: 
logic__2571: 
case__364: 
logic__182: 
reg__180: 
logic__1167: 
logic__1751: 
reg__305: 
reg__218: 
logic__934: 
logic__1149: 
reg__687: 
keep__29: 
logic__285: 
case__104: 
reg__143: 
logic__1252: 
reg__211: 
reg__152: 
muxpart__45: 
logic__1: 
case__400: 
case__70: 
case__100: 
case__330: 
reg__86: 
logic__799: 
logic__903: 
reg__267: 
case__220: 
reg__558: 
case__254: 
case__54: 
reg__429: 
reg__33: 
case__140: 
case__276: 
logic__630: 
logic__190: 
case__58: 
logic__642: 
case__66: 
case__7: 
logic__333: 
reg__188: 
keep__3: 
logic__846: 
case__243: 
case__477: 
reg__346: 
case__579: 
reg__179: 
case__89: 
logic__216: 
case__106: 
reg__336: 
logic__2994: 
datapath__14: 
reg__389: 
reg__665: 
logic__687: 
logic__1793: 
logic__272: 
reg__173: 
logic__1444: 
muxpart__41: 
logic__594: 
logic__312: 
case__121: 
reg__276: 
case__57: 
logic__1237: 
logic__1517: 
case__550: 
logic__891: 
logic__19: 
keep: 
logic__3018: 
reg__571: 
reg__479: 
logic__2381: 
logic__419: 
case__160: 
logic__204: 
logic__718: 
logic__1042: 
reg__98: 
case__229: 
logic__1649: 
logic__1201: 
logic__1089: 
logic__1338: 
keep__25: 
logic__837: 
logic__1062: 
case__129: 
logic__1670: 
reg__683: 
logic__348: 
logic__1679: 
logic__206: 
logic__866: 
logic__3012: 
reg__432: 
logic__521: 
reg__552: 
logic__771: 
reg__55: 
logic__722: 
reg__474: 
datapath__30: 
keep__56: 
logic__2541: 
reg__364: 
case__68: 
logic__2190: 
reg__660: 
logic__1658: 
keep__71: 
datapath__47: 
reg__320: 
logic__2809: 
logic__629: 
reg__363: 
logic__1187: 
logic__311: 
reg__472: 
reg__644: 
reg__679: 
case__122: 
logic__913: 
logic__245: 
case__619: 
logic__2799: 
logic__2445: 
logic__1547: 
logic__267: 
case__481: 
logic__2409: 
case__149: 
logic__382: 
logic__1072: 
reg__283: 
logic__1462: 
reg__572: 
keep__53: 
case__374: 
muxpart__97: 
keep__70: 
logic__1253: 
reg__569: 
logic__1911: 
case__112: 
reg__255: 
reg__723: 
reg__249: 
reg__566: 
reg__228: 
logic__409: 
logic__2622: 
logic__2013: 
reg__269: 
reg__604: 
reg__80: 
muxpart__145: 
logic__2127: 
reg__294: 
datapath__13: 
case__386: 
case__200: 
logic__840: 
keep__81: 
case__304: 
reg__374: 
reg__591: 
logic__2094: 
logic__1956: 
logic__286: 
reg__744: 
reg__348: 
logic__1277: 
reg__688: 
logic__770: 
reg__254: 
case__574: 
reg__695: 
logic__1163: 
case__582: 
reg__452: 
logic__372: 
logic__3001: 
logic__2948: 
case__262: 
reg__451: 
keep__1: 
muxpart__3: 
reg__319: 
reg__653: 
reg__17: 
reg__730: 
logic__1856: 
reg__63: 
case__583: 
reg__176: 
reg__9: 
logic__1941: 
reg__100: 
reg__658: 
logic__1146: 
muxpart__124: 
logic__822: 
case__61: 
reg__648: 
case__466: 
reg__207: 
logic__257: 
reg__515: 
reg__130: 
reg__682: 
logic__270: 
case__600: 
case__227: 
case__464: 
logic__1196: 
logic__1435: 
logic__2145: 
case__248: 
case__592: 
logic__609: 
case__145: 
logic__2100: 
reg__31: 
logic__1902: 
logic__158: 
case__542: 
logic__1637: 
case__105: 
logic__1772: 
logic__1655: 
logic__1571: 
logic__418: 
logic__1929: 
logic__830: 
reg__62: 
reg__347: 
reg__238: 
reg__203: 
logic__1757: 
logic__2390: 
reg__229: 
reg__163: 
logic__2406: 
logic__549: 
case__5: 
reg__106: 
reg__500: 
muxpart__12: 
logic__1122: 
logic__886: 
logic__2927: 
reg__526: 
logic__55: 
logic__2124: 
reg__400: 
logic__2542: 
case__610: 
reg__239: 
reg__202: 
case__178: 
reg__447: 
logic__1847: 
reg__459: 
case__150: 
logic__2303: 
reg__137: 
case__593: 
logic__2345: 
muxpart__138: 
case__261: 
reg__702: 
case__161: 
case__388: 
logic__1239: 
reg__711: 
logic__1805: 
reg__24: 
logic__1396: 
logic__782: 
reg__458: 
logic__525: 
logic__1303: 
logic__1787: 
case__269: 
case__391: 
logic__3014: 
datapath__19: 
case__439: 
datapath__10: 
reg__722: 
datapath__58: 
logic__641: 
logic__1550: 
logic__1246: 
datapath__62: 
logic__1067: 
case__334: 
mgmt_core_wrapper: 
reg__245: 
reg__586: 
case__83: 
io_buf__parameterized0: 
reg__425: 
case__148: 
logic__1559: 
logic__875: 
logic__1538: 
logic__1872: 
logic__376: 
logic__187: 
mprj2_logic_high: 
reg__266: 
logic__1164: 
case__65: 
case__67: 
reg__141: 
reg__477: 
case__566: 
reg__514: 
logic__2423: 
case__395: 
logic__1565: 
logic__823: 
reg__164: 
logic__871: 
case__265: 
logic__1459: 
logic__76: 
case__43: 
reg__194: 
logic__1168: 
reg__74: 
logic__906: 
muxpart__95: 
reg__674: 
logic__436: 
logic__968: 
case__4: 
reg__725: 
case__163: 
logic__839: 
reg__710: 
logic__106: 
logic__2394: 
reg__408: 
datapath__42: 
keep__6: 
reg__68: 
reg__548: 
datapath__29: 
logic__1271: 
reg__123: 
case: 
reg__96: 
case__86: 
case__152: 
logic__2764: 
reg__676: 
reg__263: 
logic__1173: 
logic__1661: 
reg__427: 
logic__2619: 
case__246: 
logic__738: 
reg__650: 
logic__1184: 
logic__194: 
case__586: 
reg__353: 
case__297: 
logic__2088: 
logic__1158: 
reg__92: 
reg__296: 
reg__310: 
reg__379: 
reg__708: 
logic__2997: 
logic__1044: 
logic__1304: 
reg__232: 
datapath: 
case__300: 
reg__85: 
logic__678: 
case__596: 
logic__878: 
reg__651: 
reg__160: 
datapath__24: 
case__292: 
logic__306: 
keep__61: 
reg__198: 
logic__1166: 
datapath__34: 
logic__451: 
logic__1529: 
gpio_logic_high: 
case__548: 
keep__48: 
case__159: 
case__138: 
reg__23: 
reg__371: 
logic__1310: 
case__622: 
reg__190: 
case__263: 
reg__341: 
logic__1622: 
logic__1499: 
reg__738: 
logic__1631: 
case__253: 
logic__1227: 
reg__162: 
case__87: 
logic__917: 
logic__2106: 
reg__668: 
logic__1148: 
logic__1091: 
logic__439: 
case__480: 
logic__1863: 
muxpart__147: 
logic__1192: 
case__590: 
case__78: 
reg__386: 
logic__1247: 
logic__52: 
datapath__61: 
case__249: 
reg__345: 
logic__1920: 
reg__402: 
case__461: 
reg__399: 
muxpart__37: 
case__96: 
case__88: 
datapath__12: 
case__211: 
extram: 
logic__1646: 
case__26: 
keep__14: 
reg__25: 
reg__504: 
logic__674: 
muxpart__143: 
reg__56: 
case__536: 
logic__2328: 
keep__17: 
case__295: 
case__231: 
logic__159: 
logic__2061: 
keep__24: 
case__608: 
logic__2019: 
case__543: 
reg__384: 
logic__585: 
logic__1392: 
logic__1090: 
logic__2372: 
reg__280: 
logic__1556: 
reg__253: 
case__545: 
keep__35: 
reg__155: 
case__435: 
case__350: 
case__46: 
case__20: 
logic__125: 
reg__573: 
logic__3022: 
logic__2634: 
muxpart__23: 
reg__148: 
logic__459: 
reg__467: 
logic__1595: 
reg__208: 
reg__300: 
reg__516: 
gpio_control_block: 
case__549: 
reg__670: 
muxpart__106: 
counter__8: 
reg__350: 
case__60: 
reg__733: 
reg__424: 
reg__67: 
logic__1703: 
logic__1267: 
logic__2600: 
logic__1832: 
case__59: 
logic__1046: 
logic__847: 
reg__204: 
logic__462: 
logic__2593: 
addsub: 
logic__1075: 
keep__18: 
reg__303: 
logic__224: 
clock_div: 
reg__718: 
reg__144: 
reg__12: 
logic__2220: 
reg__372: 
reg__611: 
case__621: 
reg__483: 
logic__679: 
logic__1064: 
logic__739: 
reg__241: 
logic__1983: 
reg__83: 
logic__2202: 
reg__378: 
muxpart__167: 
logic__210: 
case__344: 
logic__1458: 
logic__373: 
logic__2142: 
keep__23: 
case__454: 
reg__561: 
logic__842: 
logic__818: 
logic__411: 
logic__391: 
logic__1302: 
muxpart__127: 
logic__1932: 
reg__186: 
case__216: 
case__19: 
logic__452: 
muxpart__166: 
logic__1781: 
signinv__1: 
keep__4: 
muxpart__2: 
logic__2405: 
logic__2734: 
logic__1896: 
logic__2759: 
reg__395: 
muxpart__141: 
logic__1745: 
reg__502: 
case__158: 
logic__1030: 
logic__1553: 
logic__1477: 
keep__28: 
logic__209: 
logic__2193: 
logic__721: 
reg__142: 
reg__484: 
reg__494: 
case__392: 
logic__1421: 
case__327: 
logic__833: 
logic__897: 
logic__3007: 
reg__209: 
logic__1147: 
reg__734: 
reg__613: 
reg__306: 
case__15: 
reg__446: 
logic__2551: 
muxpart__38: 
case__111: 
reg__201: 
reg__90: 
logic__1673: 
addsub__1: 
mgmt_protect_hv: 
logic__2644: 
datapath__70: 
logic__1135: 
case__473: 
logic__1017: 
logic__1914: 
case__40: 
reg__289: 
logic__1314: 
logic__25: 
case__335: 
muxpart__46: 
reg__543: 
logic__1061: 
case__453: 
reg__652: 
logic__207: 
case__396: 
case__92: 
case__217: 
logic__2223: 
case__571: 
reg__554: 
logic__2555: 
logic__2269: 
logic__73: 
case__266: 
keep__62: 
keep__83: 
reg__11: 
logic__49: 
reg__131: 
keep__38: 
reg__43: 
logic__154: 
reg__699: 
logic__870: 
logic__196: 
case__226: 
reg__71: 
datapath__44: 
keep__13: 
logic__651: 
datapath__53: 
muxpart__133: 
logic__912: 
logic__1384: 
logic__2664: 
reg__508: 
logic__387: 
logic__2380: 
reg__615: 
reg__187: 
reg__438: 
logic__2592: 
logic__323: 
logic__1977: 
reg__509: 
muxpart__108: 
case__385: 
reg__298: 
reg__430: 
case__329: 
reg__524: 
reg__127: 
reg__94: 
reg__316: 
logic__2615: 
logic__1040: 
logic__470: 
datapath__9: 
logic__2596: 
FPGA_POR: 
reg__37: 
logic__2384: 
logic__491: 
case__258: 
case__6: 
case__308: 
reg__42: 
reg__146: 
logic__477: 
reg__223: 
reg__312: 
reg__61: 
logic__1240: 
logic__412: 
case__44: 
logic__1190: 
reg__19: 
logic__138: 
logic__1502: 
case__244: 
logic__421: 
logic__1905: 
reg__481: 
reg__259: 
case__456: 
datapath__45: 
logic__1015: 
logic__643: 
case__437: 
logic__448: 
reg__411: 
logic__795: 
reg__113: 
logic__1092: 
reg__623: 
keep__85: 
reg__4: 
reg__488: 
logic__1995: 
reg__380: 
reg__579: 
logic__283: 
keep__75: 
logic__854: 
logic__461: 
logic__2399: 
reg__235: 
logic__656: 
datapath__18: 
case__95: 
reg__39: 
reg__89: 
logic__1697: 
reg__299: 
logic__2818: 
logic__31: 
logic__2630: 
case__576: 
logic__1407: 
datapath__3: 
logic__1481: 
logic__1232: 
logic__1010: 
muxpart__144: 
logic__1610: 
logic__1275: 
reg__288: 
logic__1463: 
reg__26: 
logic__2674: 
reg__221: 
case__309: 
keep__89: 
reg__732: 
case__448: 
case__479: 
logic__644: 
case__357: 
reg__634: 
reg__605: 
case__436: 
case__153: 
case__302: 
reg__582: 
logic__295: 
logic__2109: 
chip_io_FPGA: 
logic__2393: 
reg__435: 
keep__87: 
logic__2462: 
case__288: 
logic__2910: 
keep__34: 
logic__240: 
reg__323: 
logic__2403: 
logic__1962: 
reg__1: 
case__113: 
keep__72: 
logic__2446: 
logic__2659: 
logic__482: 
case__575: 
logic__275: 
logic__313: 
reg__434: 
logic__152: 
logic__939: 
logic__2859: 
reg__237: 
logic__109: 
reg__256: 
reg__91: 
reg__551: 
logic__918: 
logic__614: 
logic__3006: 
reg__109: 
reg__666: 
reg__419: 
reg__60: 
logic__1154: 
case__271: 
logic__982: 
muxpart__130: 
reg__534: 
logic__705: 
logic__1992: 
reg__464: 
logic__2257: 
logic__2291: 
case__379: 
reg__439: 
reg__189: 
case__597: 
logic__247: 
logic__2779: 
datapath__23: 
logic__1535: 
logic__1592: 
reg__637: 
case__306: 
logic__1331: 
reg__704: 
case__252: 
logic__2709: 
case__255: 
reg__385: 
case__449: 
logic__2270: 
reg__406: 
muxpart__103: 
datapath__15: 
reg__69: 
case__540: 
logic__1157: 
case__594: 
case__256: 
keep__40: 
case__347: 
reg__382: 
muxpart__20: 
reg__329: 
logic__178: 
logic__2729: 
reg__351: 
logic__2563: 
reg__398: 
logic__1116: 
logic__1084: 
logic__1258: 
logic__2058: 
logic__2684: 
logic__1583: 
muxpart__139: 
case__384: 
reg__490: 
gpio_defaults_block__parameterized0: 
reg__553: 
logic__1222: 
logic__1688: 
reg__81: 
logic__2214: 
logic__599: 
case__228: 
logic__1811: 
logic__264: 
reg__369: 
case__74: 
reg__620: 
reg__577: 
reg__498: 
reg__418: 
reg__73: 
logic__2415: 
logic__503: 
logic__1180: 
logic__2130: 
logic__2199: 
case__102: 
reg__14: 
keep__88: 
reg__541: 
logic__1986: 
logic__1826: 
logic__504: 
reg__595: 
signinv: 
case__366: 
logic__1259: 
muxpart__113: 
case__72: 
logic__1194: 
reg__30: 
muxpart__60: 
logic__249: 
logic__1820: 
logic__2434: 
logic__978: 
logic__887: 
reg__28: 
reg__556: 
reg__436: 
case__353: 
reg__630: 
reg__219: 
reg__8: 
logic__1808: 
logic__783: 
logic__1541: 
logic__402: 
case__339: 
reg__739: 
logic__1076: 
logic__2139: 
logic__617: 
reg__417: 
reg__191: 
reg__643: 
counter__1: 
muxpart__120: 
logic__1739: 
keep__30: 
logic__1261: 
logic__2049: 
reg__277: 
reg__469: 
reg__601: 
logic__2570: 
case__475: 
logic__1604: 
reg__82: 
datapath__73: 
logic__235: 
reg__423: 
case__569: 
reg__114: 
muxpart__61: 
case__367: 
logic__2422: 
reg__97: 
reg__175: 
datapath__50: 
reg__169: 
reg__375: 
reg__321: 
case__230: 
case__91: 
reg__22: 
logic__1305: 
case__337: 
counter: 
logic__1161: 
logic__725: 
reg__544: 
reg__503: 
reg__170: 
reg__540: 
io_buf: 
logic__981: 
reg__149: 
muxpart__42: 
case__218: 
logic__1057: 
reg__231: 
case__342: 
reg__183: 
logic__3010: 
case__101: 
logic: 
logic__1137: 
reg__121: 
case__273: 
reg__27: 
logic__2552: 
reg__497: 
reg__75: 
case__144: 
logic__2229: 
logic__1478: 
keep__22: 
case__179: 
reg__250: 
logic__70: 
logic__1063: 
logic__647: 
datapath__27: 
logic__1334: 
case__289: 
logic__1479: 
case__11: 
logic__1814: 
case__570: 
logic__1049: 
logic__894: 
logic__2103: 
logic__668: 
logic__2559: 
logic__798: 
logic__2336: 
logic__2276: 
reg__416: 
case__554: 
logic__1434: 
reg__707: 
logic__324: 
logic__1835: 
case__446: 
logic__2368: 
reg__610: 
case__198: 
datapath__25: 
logic__356: 
logic__232: 
logic__828: 
reg__420: 
reg__677: 
logic__1159: 
logic__1490: 
case__154: 
logic__984: 
logic__2338: 
reg__3: 
reg__192: 
logic__4: 
case__202: 
muxpart__168: 
case__578: 
datapath__40: 
reg__667: 
logic__43: 
reg__530: 
reg__440: 
logic__319: 
case__210: 
counter__3: 
case__403: 
logic__1268: 
logic__1640: 
case__170: 
reg__407: 
reg__542: 
case__257: 
logic__1214: 
logic__980: 
reg__743: 
reg__376: 
extram__4: 
case__139: 
reg__717: 
reg__664: 
logic__1727: 
muxpart__107: 
case__338: 
reg__457: 
case__286: 
logic__2151: 
case__325: 
reg__206: 
reg__293: 
logic__681: 
logic__497: 
logic__737: 
case__377: 
mgmt_protect: 
logic__1186: 
logic__2001: 
case__215: 
reg__171: 
reg__460: 
logic__892: 
datapath__32: 
case__175: 
reg__716: 
reg__511: 
case__120: 
logic__329: 
logic__964: 
logic__1341: 
reg__461: 
logic__2046: 
reg__632: 
logic__1050: 
case__616: 
reg__133: 
logic__349: 
logic__633: 
logic__13: 
reg__44: 
case__387: 
logic__1151: 
logic__2323: 
keep__51: 
case__25: 
keep__52: 
datapath__52: 
logic__1313: 
logic__640: 
logic__1078: 
case__380: 
reg__428: 
reg__315: 
logic__2917: 
reg__51: 
muxpart__111: 
case__47: 
logic__1965: 
reg__325: 
muxpart__114: 
reg__196: 
muxpart__59: 
logic__1589: 
keep__82: 
logic__2348: 
logic__1223: 
reg__135: 
logic__1853: 
reg__134: 
reg__147: 
case__447: 
logic__2261: 
case__356: 
logic__1908: 
case__381: 
reg__88: 
muxpart: 
reg__697: 
reg__476: 
logic__279: 
muxpart__136: 
reg__20: 
logic__701: 
logic__736: 
case__208: 
case__369: 
logic__256: 
reg__64: 
extram__1: 
logic__2121: 
case__355: 
reg__340: 
reg__546: 
case__137: 
reg__273: 
muxpart__112: 
logic__522: 
reg__525: 
logic__1520: 
case__49: 
logic__2389: 
reg__103: 
case__133: 
reg__373: 
reg__330: 
reg__547: 
reg__247: 
reg__661: 
logic__1276: 
muxpart__134: 
RAM256: 
logic__2358: 
keep__66: 
datapath__21: 
logic__1881: 
case__442: 
case__383: 
logic__2574: 
muxpart__197: 
logic__2263: 
logic__3008: 
case__268: 
case__132: 
logic__2067: 
logic__460: 
case__434: 
reg__45: 
logic__606: 
logic__1607: 
logic__1229: 
reg__159: 
logic__983: 
logic__2714: 
logic__355: 
case__32: 
keep__27: 
case__64: 
logic__1754: 
reg__222: 
logic__1862: 
keep__7: 
case__602: 
logic__698: 
logic__1700: 
reg__308: 
case__451: 
reg__318: 
case__81: 
logic__1045: 
counter__6: 
keep__8: 
counter__5: 
reg__559: 
logic__1134: 
reg__519: 
keep__26: 
muxpart__122: 
debug_regs: 
logic__2754: 
logic__1878: 
datapath__36: 
logic__1022: 
logic__598: 
reg__21: 
reg__199: 
case__346: 
reg__246: 
logic__789: 
logic__254: 
logic__399: 
case__368: 
reg__260: 
reg__335: 
case__51: 
reg__226: 
logic__1066: 
logic__1165: 
reg__275: 
reg__87: 
logic__1178: 
reg__507: 
logic__1292: 
logic__1760: 
case__376: 
reg__736: 
muxpart__132: 
reg__414: 
reg__659: 
reg__29: 
logic__2620: 
logic__2858: 
logic__1037: 
logic__2205: 
reg__182: 
keep__19: 
datapath__37: 
logic__1138: 
logic__153: 
reg__331: 
case__462: 
case__568: 
reg__545: 
logic__2744: 
case__62: 
logic__1226: 
datapath__22: 
logic__449: 
logic__1844: 
logic__2118: 
logic__589: 
logic__326: 
logic__367: 
logic__793: 
gpio_defaults_block: 
reg__313: 
logic__979: 
reg__72: 
keep__33: 
logic__2085: 
logic__321: 
reg__52: 
counter__7: 
case__214: 
logic__1508: 
logic__2226: 
reg__422: 
logic__1289: 
case__107: 
muxpart__34: 
logic__100: 
reg__193: 
datapath__7: 
logic__2689: 
reg__671: 
case__42: 
logic__691: 
case__13: 
logic__673: 
logic__344: 
keep__80: 
case__551: 
logic__2604: 
logic__2614: 
case__151: 
keep__11: 
reg__492: 
case__69: 
case__457: 
reg__242: 
logic__652: 
keep__36: 
reg__409: 
reg__158: 
case__45: 
logic__2028: 
reg__117: 
logic__2196: 
logic__1041: 
logic__318: 
case__358: 
logic__1613: 
reg__597: 
reg__506: 
logic__2451: 
reg__622: 
logic__2333: 
reg__161: 
reg__463: 
logic__612: 
case__260: 
logic__2326: 
case__397: 
logic__1211: 
reg__48: 
reg__272: 
logic__881: 
logic__2115: 
reg__213: 
reg__151: 
reg__268: 
logic__675: 
keep__84: 
logic__1288: 
keep__54: 
case__63: 
reg__46: 
keep__67: 
logic__1408: 
case__599: 
case__375: 
reg__565: 
logic__2178: 
reg__437: 
logic__2908: 
logic__2579: 
logic__1601: 
logic__1217: 
keep__68: 
caravel_core: 
case__206: 
logic__252: 
reg__555: 
case__469: 
logic__2739: 
logic__882: 
logic__1887: 
reg__292: 
reg__616: 
logic__2866: 
keep__16: 
reg__328: 
muxpart__137: 
case__474: 
reg__285: 
case__109: 
reg__79: 
reg__230: 
logic__1441: 
counter__13: 
logic__1206: 
keep__21: 
reg__244: 
muxpart__142: 
keep__69: 
reg__124: 
logic__2603: 
logic__680: 
case__573: 
case__174: 
case__223: 
logic__509: 
logic__2262: 
reg__65: 
reg__602: 
logic__2556: 
reg__184: 
logic__1287: 
logic__2245: 
reg__421: 
logic__145: 
logic__2007: 
reg__696: 
logic__2545: 
reg__361: 
muxpart__105: 
logic__2043: 
reg__486: 
logic__2863: 
reg__549: 
case__143: 
logic__597: 
reg__724: 
logic__1171: 
reg__493: 
reg__570: 
datapath__49: 
case__389: 
case__282: 
logic__2564: 
counter__2: 
datapath__8: 
reg__18: 
case__272: 
case__340: 
logic__1297: 
logic__2244: 
datapath__63: 
keep__20: 
reg__15: 
logic__1748: 
logic__1721: 
logic__763: 
case__351: 
keep__41: 
reg__76: 
logic__406: 
logic__1174: 
reg__357: 
logic__338: 
case__205: 
logic__1230: 
logic__1694: 
reg__535: 
case__207: 
case__467: 
logic__1069: 
logic__463: 
reg__334: 
case__611: 
reg__562: 
reg__713: 
case__126: 
reg__401: 
case__281: 
reg__505: 
logic__788: 
logic__2438: 
keep__86: 
reg__7: 
reg__332: 
case__22: 
logic__1043: 
logic__2208: 
logic__1207: 
logic__2070: 
reg__210: 
reg__394: 
reg__568: 
case__450: 
logic__1081: 
case__131: 
case__213: 
logic__189: 
logic__388: 
muxpart__58: 
logic__2064: 
datapath__26: 
logic__1274: 
case__127: 
reg__564: 
logic__1337: 
keep__31: 
case__614: 
reg__663: 
case__75: 
reg__589: 
datapath__11: 
case__354: 
logic__767: 
keep__79: 
reg__264: 
reg__129: 
logic__442: 
logic__2694: 
reg__746: 
muxpart__62: 
logic__2329: 
logic__2169: 
reg__200: 
case__85: 
logic__548: 
logic__2606: 
logic__2611: 
reg__49: 
case__225: 
case__222: 
case__10: 
keep__60: 
reg__471: 
logic__2784: 
reg__574: 
logic__794: 
logic__1417: 
case__8: 
reg__309: 
reg__698: 
case__603: 
logic__1181: 
keep__15: 
logic__1205: 
logic__677: 
muxpart__64: 
logic__2352: 
logic__649: 
muxpart__43: 
logic__260: 
muxpart__14: 
logic__2040: 
reg__174: 
reg__628: 
logic__237: 
case__221: 
logic__398: 
case__141: 
reg__606: 
counter__11: 
datapath__6: 
reg__487: 
reg__584: 
reg__397: 
datapath__33: 
reg__485: 
reg__443: 
case__84: 
reg__475: 
datapath__57: 
reg__686: 
logic__1676: 
reg__594: 
reg__405: 
reg__631: 
logic__1353: 
case__123: 
logic__1086: 
logic__1290: 
case__539: 
case__455: 
case__242: 
logic__1401: 
reg__680: 
case__162: 
logic__753: 
logic__829: 
datapath__4: 
logic__1269: 
reg__217: 
logic__2241: 
reg__343: 
logic__2285: 
reg__444: 
logic__1029: 
case__35: 
logic__395: 
reg__390: 
reg__633: 
logic__290: 
logic__172: 
caravel_clocking: 
case__459: 
logic__223: 
case__349: 
logic__2395: 
logic__305: 
logic__1208: 
reg__690: 
logic__1357: 
reg__403: 
reg__224: 
logic__1273: 
logic__1082: 
case__128: 
logic__717: 
case__124: 
reg__465: 
reg__455: 
logic__185: 
mprj_logic_high: 
case__468: 
logic__2804: 
reg__102: 
logic__2597: 
reg__13: 
logic__214: 
logic__2724: 
logic__2079: 
muxpart__93: 
reg__38: 
muxpart__165: 
datapath__28: 
logic__1893: 
logic__2455: 
logic__1859: 
reg__290: 
logic__1143: 
reg__248: 
case__52: 
logic__1691: 
logic__2351: 
logic__1286: 
reg__639: 
logic__1256: 
logic__2391: 
logic__2004: 
reg__454: 
logic__151: 
logic__2392: 
case__283: 
reg__251: 
logic__667: 
